--- Début de la synchro PSN globale du 2026-03-12 15:16:23 ---
Synchronisation de Jonathan (John-South06)... SUCCÈS (25 jeux, 1383 trophées)
--- Fin de la synchronisation ---

--- Début de la synchro PSN globale du 2026-03-13 03:56:51 ---
Synchronisation de Jonathan (John-South06)... SUCCÈS (25 jeux, 1383 trophées)
--- Fin de la synchronisation ---

--- Début de la synchro PSN globale du 2026-03-13 14:32:21 ---
Synchronisation de Jonathan (John-South06)... SUCCÈS (25 jeux, 1383 trophées)
--- Fin de la synchronisation ---

--- Début de la synchro PSN globale du 2026-03-13 14:46:25 ---
Synchronisation de Jonathan (John-South06)... SUCCÈS (25 jeux, 1383 trophées)
--- Fin de la synchronisation ---

--- Début de la synchro PSN globale du 2026-03-13 15:32:12 ---
Synchronisation de Jonathan (John-South06)... SUCCÈS (25 jeux, 1383 trophées)
--- Fin de la synchronisation ---

DEBUG TROPHY: {"trophyId":0,"trophyName":"Requiem","trophyType":"platinum","earned":false}
--- Début de la synchro PSN globale du 2026-03-13 15:58:17 ---
Synchronisation de Jonathan (John-South06)... SUCCÈS (25 jeux, 1383 trophées)
--- Fin de la synchronisation ---

DEBUG EARNED TROPHY: {"trophyId":1,"trophyName":"D\u00e9j\u00e0 vu","trophyType":"bronze","earned":true}
--- Début de la synchro PSN globale du 2026-03-13 16:19:03 ---
Synchronisation de Jonathan (John-South06)... SUCCÈS (25 jeux, 1383 trophées)
--- Fin de la synchronisation ---

DEBUG EARNED TROPHY: {"trophyId":1,"trophyName":"D\u00e9j\u00e0 vu","trophyType":"bronze","earned":true,"earnedDateTime":"2026-02-26T20:40:51Z"}
DEBUG EARNED TROPHY: {"trophyId":43,"trophyName":"A New Adventure","trophyType":"bronze","earned":true,"earnedDateTime":"2026-03-01T20:25:55Z"}
