--- Début de l'importation WebCron du 2026-03-05 21:03:05 ---
Bilan : 0 jeux mis à jour.
Bilan : 137 lignes ignorées.
--- Fin de l'importation ---

--- Début de l'importation WebCron du 2026-03-05 21:03:47 ---
Bilan : 0 jeux mis à jour.
Bilan : 137 lignes ignorées.
--- Fin de l'importation ---

--- Début de l'importation WebCron du 2026-03-05 21:06:16 ---
Bilan : 0 jeux mis à jour.
Bilan : 137 lignes ignorées.
--- Fin de l'importation ---

--- Début de l'importation WebCron du 2026-03-05 21:07:26 ---
Bilan : 0 jeux mis à jour.
Bilan : 137 lignes ignorées.
--- Fin de l'importation ---

--- Début de l'importation WebCron du 2026-03-05 21:09:14 ---
Bilan : 0 jeux mis à jour.
Bilan : 137 lignes ignorées.
--- Fin de l'importation ---

--- Début de l'importation WebCron du 2026-03-05 21:14:33 ---
Bilan : 438 jeux mis à jour.
Bilan : 118428 lignes ignorées.
--- Fin de l'importation ---

--- Début de l'importation WebCron du 2026-03-05 21:35:12 ---
Bilan : 629 prix régionaux mis à jour.
Bilan : 118237 lignes CSV ignorées ou éditions bloquées.
--- Fin de l'importation ---

--- Début de l'importation WebCron du 2026-03-05 21:44:56 ---
Bilan : 629 prix régionaux mis à jour.
Bilan : 118237 lignes CSV ignorées ou éditions bloquées.
--- Fin de l'importation ---

--- Début de l'importation WebCron du 2026-03-06 01:39:43 ---
Bilan : 629 prix régionaux mis à jour.
Bilan : 118237 lignes CSV ignorées ou éditions bloquées.
--- Fin de l'importation ---

--- Début de l'importation WebCron du 2026-03-07 01:39:43 ---
Bilan : 629 prix régionaux mis à jour.
Bilan : 118237 lignes CSV ignorées ou éditions bloquées.
--- Fin de l'importation ---

--- Début de l'importation WebCron du 2026-03-08 01:39:42 ---
Bilan : 633 prix régionaux mis à jour.
Bilan : 118233 lignes CSV ignorées ou éditions bloquées.
--- Fin de l'importation ---

--- Début de l'importation WebCron du 2026-03-09 01:39:42 ---
Bilan : 639 prix régionaux mis à jour.
Bilan : 118227 lignes CSV ignorées ou éditions bloquées.
--- Fin de l'importation ---

--- Début de l'importation WebCron du 2026-03-10 01:39:42 ---
Bilan : 639 prix régionaux mis à jour.
Bilan : 118227 lignes CSV ignorées ou éditions bloquées.
--- Fin de l'importation ---

--- Début de l'importation WebCron du 2026-03-11 01:39:43 ---
Bilan : 639 prix régionaux mis à jour.
Bilan : 118227 lignes CSV ignorées ou éditions bloquées.
--- Fin de l'importation ---

